C	contig1	123	60	123:60
C	contig2	456	120	456:120
U	contig3	0	60	0:60 